// Jest Snapshot v1, https://goo.gl/fbAQLP

exports[`<Cards/> Should render Cards 1`] = `
<div>
  <div
    class="cards-conteiner"
  >
    <div
      class="card-content"
    />
    <div
      class="footer-content"
    />
  </div>
</div>
`;
